22:02:33.251 DEBUG org.springframework.context.support.AbstractApplicationContext 658 prepareRefresh - Refreshing org.springframework.context.support.ClassPathXmlApplicationContext@1c852c0f
22:02:33.417 DEBUG org.springframework.beans.factory.xml.XmlBeanDefinitionReader 402 doLoadBeanDefinitions - Loaded 3 bean definitions from class path resource [bean-auto.xml]
22:02:33.455 DEBUG org.springframework.beans.factory.support.DefaultSingletonBeanRegistry 225 getSingleton - Creating shared instance of singleton bean 'userController'
22:02:33.502 DEBUG org.springframework.beans.factory.support.DefaultSingletonBeanRegistry 225 getSingleton - Creating shared instance of singleton bean 'userService'
22:02:33.504 DEBUG org.springframework.beans.factory.support.DefaultSingletonBeanRegistry 225 getSingleton - Creating shared instance of singleton bean 'userDao'
